exports[`<Footer /> should render Footer 1`] = `
ShallowWrapper {
  "length": 1,
  Symbol(enzyme.__root__): [Circular],
  Symbol(enzyme.__unrendered__): <Footer
    copyright="@2018 copyright Sunday!!!" />,
  Symbol(enzyme.__renderer__): Object {
    "batchedUpdates": [Function],
    "getNode": [Function],
    "render": [Function],
    "simulateEvent": [Function],
    "unmount": [Function],
  },
  Symbol(enzyme.__node__): Object {
    "instance": null,
    "key": undefined,
    "nodeType": "host",
    "props": Object {
      "children": "@2018 copyright Sunday!!!",
    },
    "ref": null,
    "rendered": "@2018 copyright Sunday!!!",
    "type": "section",
  },
  Symbol(enzyme.__nodes__): Array [
    Object {
      "instance": null,
      "key": undefined,
      "nodeType": "host",
      "props": Object {
        "children": "@2018 copyright Sunday!!!",
      },
      "ref": null,
      "rendered": "@2018 copyright Sunday!!!",
      "type": "section",
    },
  ],
  Symbol(enzyme.__options__): Object {
    "adapter": ReactFifteenFourAdapter {
      "options": Object {
        "supportPrevContextArgumentOfComponentDidUpdate": true,
      },
    },
  },
}
`;
