exports[`<SignInDetails /> should render default snapshot 1`] = `
ShallowWrapper {
  "length": 1,
  Symbol(enzyme.__root__): [Circular],
  Symbol(enzyme.__unrendered__): <SignInDetails
    email=""
    password="" />,
  Symbol(enzyme.__renderer__): Object {
    "batchedUpdates": [Function],
    "getNode": [Function],
    "render": [Function],
    "simulateEvent": [Function],
    "unmount": [Function],
  },
  Symbol(enzyme.__node__): Object {
    "instance": null,
    "key": undefined,
    "nodeType": "class",
    "props": Object {
      "children": Array [
        <label
          target="signin.signInDetails.email">
          Email
</label>,
        <Field
          component={undefined}
          id="signin.personInfo.email"
          name="email"
          placeholder="Email"
          type="email"
          value="" />,
        <label
          target="signin.signInDetails.passwword">
          Password
</label>,
        <Field
          component={undefined}
          id="signup.signinDetail.password"
          name="password"
          placeholder="••••••••••"
          type="password"
          value="" />,
      ],
      "component": "div",
      "name": "signInDetails",
    },
    "ref": null,
    "rendered": Array [
      Object {
        "instance": null,
        "key": undefined,
        "nodeType": "host",
        "props": Object {
          "children": "Email",
          "target": "signin.signInDetails.email",
        },
        "ref": null,
        "rendered": "Email",
        "type": "label",
      },
      Object {
        "instance": null,
        "key": undefined,
        "nodeType": "class",
        "props": Object {
          "component": undefined,
          "id": "signin.personInfo.email",
          "name": "email",
          "placeholder": "Email",
          "type": "email",
          "value": "",
        },
        "ref": null,
        "rendered": null,
        "type": [Function],
      },
      Object {
        "instance": null,
        "key": undefined,
        "nodeType": "host",
        "props": Object {
          "children": "Password",
          "target": "signin.signInDetails.passwword",
        },
        "ref": null,
        "rendered": "Password",
        "type": "label",
      },
      Object {
        "instance": null,
        "key": undefined,
        "nodeType": "class",
        "props": Object {
          "component": undefined,
          "id": "signup.signinDetail.password",
          "name": "password",
          "placeholder": "••••••••••",
          "type": "password",
          "value": "",
        },
        "ref": null,
        "rendered": null,
        "type": [Function],
      },
    ],
    "type": [Function],
  },
  Symbol(enzyme.__nodes__): Array [
    Object {
      "instance": null,
      "key": undefined,
      "nodeType": "class",
      "props": Object {
        "children": Array [
          <label
            target="signin.signInDetails.email">
            Email
</label>,
          <Field
            component={undefined}
            id="signin.personInfo.email"
            name="email"
            placeholder="Email"
            type="email"
            value="" />,
          <label
            target="signin.signInDetails.passwword">
            Password
</label>,
          <Field
            component={undefined}
            id="signup.signinDetail.password"
            name="password"
            placeholder="••••••••••"
            type="password"
            value="" />,
        ],
        "component": "div",
        "name": "signInDetails",
      },
      "ref": null,
      "rendered": Array [
        Object {
          "instance": null,
          "key": undefined,
          "nodeType": "host",
          "props": Object {
            "children": "Email",
            "target": "signin.signInDetails.email",
          },
          "ref": null,
          "rendered": "Email",
          "type": "label",
        },
        Object {
          "instance": null,
          "key": undefined,
          "nodeType": "class",
          "props": Object {
            "component": undefined,
            "id": "signin.personInfo.email",
            "name": "email",
            "placeholder": "Email",
            "type": "email",
            "value": "",
          },
          "ref": null,
          "rendered": null,
          "type": [Function],
        },
        Object {
          "instance": null,
          "key": undefined,
          "nodeType": "host",
          "props": Object {
            "children": "Password",
            "target": "signin.signInDetails.passwword",
          },
          "ref": null,
          "rendered": "Password",
          "type": "label",
        },
        Object {
          "instance": null,
          "key": undefined,
          "nodeType": "class",
          "props": Object {
            "component": undefined,
            "id": "signup.signinDetail.password",
            "name": "password",
            "placeholder": "••••••••••",
            "type": "password",
            "value": "",
          },
          "ref": null,
          "rendered": null,
          "type": [Function],
        },
      ],
      "type": [Function],
    },
  ],
  Symbol(enzyme.__options__): Object {
    "adapter": ReactFifteenFourAdapter {
      "options": Object {
        "supportPrevContextArgumentOfComponentDidUpdate": true,
      },
    },
  },
}
`;
