exports[`<ForgotPasswordDetails /> should render default snapshot 1`] = `
ShallowWrapper {
  "length": 1,
  Symbol(enzyme.__root__): [Circular],
  Symbol(enzyme.__unrendered__): <ForgotPasswordDetails
    password="" />,
  Symbol(enzyme.__renderer__): Object {
    "batchedUpdates": [Function],
    "getNode": [Function],
    "render": [Function],
    "simulateEvent": [Function],
    "unmount": [Function],
  },
  Symbol(enzyme.__node__): Object {
    "instance": null,
    "key": undefined,
    "nodeType": "class",
    "props": Object {
      "children": Array [
        <label
          target="forgotPassword.forgotPasswordDetails.email">
          Email
</label>,
        <Field
          component={[Function]}
          id="forgotPassword.forgotPasswordDetails.email"
          name="email"
          placeholder="Email"
          type="email"
          value={undefined} />,
      ],
      "component": "div",
      "name": "forgotPassword",
    },
    "ref": null,
    "rendered": Array [
      Object {
        "instance": null,
        "key": undefined,
        "nodeType": "host",
        "props": Object {
          "children": "Email",
          "target": "forgotPassword.forgotPasswordDetails.email",
        },
        "ref": null,
        "rendered": "Email",
        "type": "label",
      },
      Object {
        "instance": null,
        "key": undefined,
        "nodeType": "class",
        "props": Object {
          "component": [Function],
          "id": "forgotPassword.forgotPasswordDetails.email",
          "name": "email",
          "placeholder": "Email",
          "type": "email",
          "value": undefined,
        },
        "ref": null,
        "rendered": null,
        "type": [Function],
      },
    ],
    "type": [Function],
  },
  Symbol(enzyme.__nodes__): Array [
    Object {
      "instance": null,
      "key": undefined,
      "nodeType": "class",
      "props": Object {
        "children": Array [
          <label
            target="forgotPassword.forgotPasswordDetails.email">
            Email
</label>,
          <Field
            component={[Function]}
            id="forgotPassword.forgotPasswordDetails.email"
            name="email"
            placeholder="Email"
            type="email"
            value={undefined} />,
        ],
        "component": "div",
        "name": "forgotPassword",
      },
      "ref": null,
      "rendered": Array [
        Object {
          "instance": null,
          "key": undefined,
          "nodeType": "host",
          "props": Object {
            "children": "Email",
            "target": "forgotPassword.forgotPasswordDetails.email",
          },
          "ref": null,
          "rendered": "Email",
          "type": "label",
        },
        Object {
          "instance": null,
          "key": undefined,
          "nodeType": "class",
          "props": Object {
            "component": [Function],
            "id": "forgotPassword.forgotPasswordDetails.email",
            "name": "email",
            "placeholder": "Email",
            "type": "email",
            "value": undefined,
          },
          "ref": null,
          "rendered": null,
          "type": [Function],
        },
      ],
      "type": [Function],
    },
  ],
  Symbol(enzyme.__options__): Object {
    "adapter": ReactFifteenFourAdapter {
      "options": Object {
        "supportPrevContextArgumentOfComponentDidUpdate": true,
      },
    },
  },
}
`;
